        Name:   Acyclic Analysis Test
        Desc:   Verify that source references are not cyclic.
        Result: Failed
        Reason: 
        Covered Requirements: None
        Noted Requirements: None
        Passing Requirements: None
        Info Requirements: None
        Warning Requirements: None
        Failing Requirements: REQ_EP_256

            Name:   Acyclic Derivation Chain
            Desc:   A mob derivation chain shall not contain a cycle.
            Result: Failed
            Reason: A cycle was detected amoung the referenced objects in the file.
            Covered Requirements: None
            Noted Requirements: None
            Passing Requirements: None
            Info Requirements: None
            Warning Requirements: None
            Failing Requirements: REQ_EP_256
            Detail: Nodes involved in the cycle:
            Detail: Node: 1  Object - Header
            Detail: Node: 2  Object - ContentStorage
            Detail: Node: 3  Object - MasterMob
            Detail: 	Name - MasterMob1
            Detail: 	MobID - 01010101010101010101010101010101-00000001-0001-0001-0101010101010101
            Detail: Node: 4  Object - StaticMobSlot
            Detail: 	SlotID - 1
            Detail: Node: 5  Object - SourceClip
            Detail: 	SourceID - 02020202020202020202020202020202-00000002-0002-0002-0202020202020202
            Detail: Node: 6  Object - SourceMob
            Detail: 	Name - File Source 1
            Detail: 	MobID - 02020202020202020202020202020202-00000002-0002-0002-0202020202020202
            Detail: Node: 7  Object - TimelineMobSlot
            Detail: 	SlotID - 1
            Detail: Node: 8  Object - SourceClip
            Detail: 	SourceID - 01010101010101010101010101010101-00000001-0001-0001-0101010101010101
            Detail: Node: 3  Object - MasterMob
            Detail: 	Name - MasterMob1
            Detail: 	MobID - 01010101010101010101010101010101-00000001-0001-0001-0101010101010101

