        Name:   Edit Protocol Definition Test
        Desc:   Verify the use of DataDefinition objects throught the file.
        Result: Failed
        Reason: 
        Covered Requirements: None
        Noted Requirements: None
        Passing Requirements: None
        Info Requirements: None
        Warning Requirements: REQ_EP_163
        Failing Requirements: REQ_EP_162

            Name:   OperationDefinition Data Definition Value
            Desc:   An OperationDefinition object in an AAF file shall have a data definition value consistent with the data definition of an OperationGroup object that references it.
            Node:   7 (OperationGroup)
            Result: Failed
            Reason: OperationGroup in Mob slot with ID = 1 of Top-Level Composition "Video Dissolve not in Transition" has data definition value "DataDef_Picture" and references OperationDefinition "Video Dissolve" with data definition value "Legacy DataDef_LegacyPicture".
            Covered Requirements: None
            Noted Requirements: None
            Passing Requirements: None
            Info Requirements: None
            Warning Requirements: None
            Failing Requirements: REQ_EP_162

            Name:   OperationDefinition Data Definition Value
            Desc:   An OperationDefinition object in an AAF file shall have a data definition value consistent with the data definition of an OperationGroup object that references it.
            Node:   13 (OperationGroup)
            Result: Failed
            Reason: OperationGroup in Mob slot with ID = 1 of Top-Level Composition "SMPTE Video Wipe not in Transition" has data definition value "DataDef_Picture" and references OperationDefinition "SMPTE Video Wipe" with data definition value "Legacy DataDef_LegacyPicture".
            Covered Requirements: None
            Noted Requirements: None
            Passing Requirements: None
            Info Requirements: None
            Warning Requirements: None
            Failing Requirements: REQ_EP_162

            Name:   OperationDefinition Data Definition Value
            Desc:   An OperationDefinition object in an AAF file shall have a data definition value consistent with the data definition of an OperationGroup object that references it.
            Node:   19 (OperationGroup)
            Result: Failed
            Reason: OperationGroup in Mob slot with ID = 1 of Top-Level Composition "Video Speed Control not in Transition" has data definition value "DataDef_Picture" and references OperationDefinition "Video Speed Control" with data definition value "Legacy DataDef_LegacyPicture".
            Covered Requirements: None
            Noted Requirements: None
            Passing Requirements: None
            Info Requirements: None
            Warning Requirements: None
            Failing Requirements: REQ_EP_162

            Name:   OperationDefinition Data Definition Value
            Desc:   An OperationDefinition object in an AAF file shall have a data definition value consistent with the data definition of an OperationGroup object that references it.
            Node:   26 (OperationGroup)
            Result: Failed
            Reason: OperationGroup in Mob slot with ID = 1 of Top-Level Composition "Video Repeat not in Transition" has data definition value "DataDef_Picture" and references OperationDefinition "Video Repeat" with data definition value "Legacy DataDef_LegacyPicture".
            Covered Requirements: None
            Noted Requirements: None
            Passing Requirements: None
            Info Requirements: None
            Warning Requirements: None
            Failing Requirements: REQ_EP_162

            Name:   OperationDefinition Data Definition Value
            Desc:   An OperationDefinition object in an AAF file shall have a data definition value consistent with the data definition of an OperationGroup object that references it.
            Node:   32 (OperationGroup)
            Result: Failed
            Reason: OperationGroup in Mob slot with ID = 1 of Top-Level Composition "Video Flip not in Transition" has data definition value "DataDef_Picture" and references OperationDefinition "Video Flip" with data definition value "Legacy DataDef_LegacyPicture".
            Covered Requirements: None
            Noted Requirements: None
            Passing Requirements: None
            Info Requirements: None
            Warning Requirements: None
            Failing Requirements: REQ_EP_162

            Name:   OperationDefinition Data Definition Value
            Desc:   An OperationDefinition object in an AAF file shall have a data definition value consistent with the data definition of an OperationGroup object that references it.
            Node:   38 (OperationGroup)
            Result: Failed
            Reason: OperationGroup in Mob slot with ID = 1 of Top-Level Composition "Video Flop not in Transition" has data definition value "DataDef_Picture" and references OperationDefinition "Video Flop" with data definition value "Legacy DataDef_LegacyPicture".
            Covered Requirements: None
            Noted Requirements: None
            Passing Requirements: None
            Info Requirements: None
            Warning Requirements: None
            Failing Requirements: REQ_EP_162

            Name:   OperationDefinition Data Definition Value
            Desc:   An OperationDefinition object in an AAF file shall have a data definition value consistent with the data definition of an OperationGroup object that references it.
            Node:   44 (OperationGroup)
            Result: Failed
            Reason: OperationGroup in Mob slot with ID = 1 of Top-Level Composition "Video Flip-Flop not in Transition" has data definition value "DataDef_Picture" and references OperationDefinition "Video Flip Flop" with data definition value "Legacy DataDef_LegacyPicture".
            Covered Requirements: None
            Noted Requirements: None
            Passing Requirements: None
            Info Requirements: None
            Warning Requirements: None
            Failing Requirements: REQ_EP_162

            Name:   OperationDefinition Data Definition Value
            Desc:   An OperationDefinition object in an AAF file shall have a data definition value consistent with the data definition of an OperationGroup object that references it.
            Node:   50 (OperationGroup)
            Result: Failed
            Reason: OperationGroup in Mob slot with ID = 1 of Top-Level Composition "Video Position not in Transition" has data definition value "DataDef_Picture" and references OperationDefinition "Video Position" with data definition value "Legacy DataDef_LegacyPicture".
            Covered Requirements: None
            Noted Requirements: None
            Passing Requirements: None
            Info Requirements: None
            Warning Requirements: None
            Failing Requirements: REQ_EP_162

            Name:   OperationDefinition Data Definition Value
            Desc:   An OperationDefinition object in an AAF file shall have a data definition value consistent with the data definition of an OperationGroup object that references it.
            Node:   56 (OperationGroup)
            Result: Failed
            Reason: OperationGroup in Mob slot with ID = 1 of Top-Level Composition "Video Crop not in Transition" has data definition value "DataDef_Picture" and references OperationDefinition "Video Crop" with data definition value "Legacy DataDef_LegacyPicture".
            Covered Requirements: None
            Noted Requirements: None
            Passing Requirements: None
            Info Requirements: None
            Warning Requirements: None
            Failing Requirements: REQ_EP_162

            Name:   OperationDefinition Data Definition Value
            Desc:   An OperationDefinition object in an AAF file shall have a data definition value consistent with the data definition of an OperationGroup object that references it.
            Node:   62 (OperationGroup)
            Result: Failed
            Reason: OperationGroup in Mob slot with ID = 1 of Top-Level Composition "Video Scale not in Transition" has data definition value "DataDef_Picture" and references OperationDefinition "Video Scale" with data definition value "Legacy DataDef_LegacyPicture".
            Covered Requirements: None
            Noted Requirements: None
            Passing Requirements: None
            Info Requirements: None
            Warning Requirements: None
            Failing Requirements: REQ_EP_162

            Name:   OperationDefinition Data Definition Value
            Desc:   An OperationDefinition object in an AAF file shall have a data definition value consistent with the data definition of an OperationGroup object that references it.
            Node:   68 (OperationGroup)
            Result: Failed
            Reason: OperationGroup in Mob slot with ID = 1 of Top-Level Composition "Video Rotate not in Transition" has data definition value "DataDef_Picture" and references OperationDefinition "Video Rotate" with data definition value "Legacy DataDef_LegacyPicture".
            Covered Requirements: None
            Noted Requirements: None
            Passing Requirements: None
            Info Requirements: None
            Warning Requirements: None
            Failing Requirements: REQ_EP_162

            Name:   OperationDefinition Data Definition Value
            Desc:   An OperationDefinition object in an AAF file shall have a data definition value consistent with the data definition of an OperationGroup object that references it.
            Node:   74 (OperationGroup)
            Result: Failed
            Reason: OperationGroup in Mob slot with ID = 1 of Top-Level Composition "Video Corner Pinning not in Transition" has data definition value "DataDef_Picture" and references OperationDefinition "Video Corner Pinning" with data definition value "Legacy DataDef_LegacyPicture".
            Covered Requirements: None
            Noted Requirements: None
            Passing Requirements: None
            Info Requirements: None
            Warning Requirements: None
            Failing Requirements: REQ_EP_162

            Name:   OperationDefinition Data Definition Value
            Desc:   An OperationDefinition object in an AAF file shall have a data definition value consistent with the data definition of an OperationGroup object that references it.
            Node:   80 (OperationGroup)
            Result: Failed
            Reason: OperationGroup in Mob slot with ID = 1 of Top-Level Composition "Alpha With Video Key not in Transition" has data definition value "DataDef_Picture" and references OperationDefinition "Alpha With Video Key effect" with data definition value "Legacy DataDef_LegacyPicture".
            Covered Requirements: None
            Noted Requirements: None
            Passing Requirements: None
            Info Requirements: None
            Warning Requirements: None
            Failing Requirements: REQ_EP_162

            Name:   OperationDefinition Data Definition Value
            Desc:   An OperationDefinition object in an AAF file shall have a data definition value consistent with the data definition of an OperationGroup object that references it.
            Node:   86 (OperationGroup)
            Result: Failed
            Reason: OperationGroup in Mob slot with ID = 1 of Top-Level Composition "Separate Alpha Key not in Transition" has data definition value "DataDef_Picture" and references OperationDefinition "Separate Alpha Key effect" with data definition value "Legacy DataDef_LegacyPicture".
            Covered Requirements: None
            Noted Requirements: None
            Passing Requirements: None
            Info Requirements: None
            Warning Requirements: None
            Failing Requirements: REQ_EP_162

            Name:   OperationDefinition Data Definition Value
            Desc:   An OperationDefinition object in an AAF file shall have a data definition value consistent with the data definition of an OperationGroup object that references it.
            Node:   92 (OperationGroup)
            Result: Failed
            Reason: OperationGroup in Mob slot with ID = 1 of Top-Level Composition "Luminance Key not in Transition" has data definition value "DataDef_Picture" and references OperationDefinition "Luminance Key" with data definition value "Legacy DataDef_LegacyPicture".
            Covered Requirements: None
            Noted Requirements: None
            Passing Requirements: None
            Info Requirements: None
            Warning Requirements: None
            Failing Requirements: REQ_EP_162

            Name:   OperationDefinition Data Definition Value
            Desc:   An OperationDefinition object in an AAF file shall have a data definition value consistent with the data definition of an OperationGroup object that references it.
            Node:   98 (OperationGroup)
            Result: Failed
            Reason: OperationGroup in Mob slot with ID = 1 of Top-Level Composition "Chroma Key not in Transition" has data definition value "DataDef_Picture" and references OperationDefinition "Chroma Key" with data definition value "Legacy DataDef_LegacyPicture".
            Covered Requirements: None
            Noted Requirements: None
            Passing Requirements: None
            Info Requirements: None
            Warning Requirements: None
            Failing Requirements: REQ_EP_162

            Name:   OperationDefinition Data Definition Value
            Desc:   An OperationDefinition object in an AAF file shall have a data definition value consistent with the data definition of an OperationGroup object that references it.
            Node:   104 (OperationGroup)
            Result: Failed
            Reason: OperationGroup in Mob slot with ID = 1 of Top-Level Composition "Mono Audio Gain not in Transition" has data definition value "DataDef_Sound" and references OperationDefinition "Mono Audio Gain" with data definition value "Legacy DataDef_LegacySound".
            Covered Requirements: None
            Noted Requirements: None
            Passing Requirements: None
            Info Requirements: None
            Warning Requirements: None
            Failing Requirements: REQ_EP_162

            Name:   OperationDefinition Data Definition Value
            Desc:   An OperationDefinition object in an AAF file shall have a data definition value consistent with the data definition of an OperationGroup object that references it.
            Node:   110 (OperationGroup)
            Result: Failed
            Reason: OperationGroup in Mob slot with ID = 1 of Top-Level Composition "Mono Audio Pan not in Transition" has data definition value "DataDef_Sound" and references OperationDefinition "Mono Audio Pan" with data definition value "Legacy DataDef_LegacySound".
            Covered Requirements: None
            Noted Requirements: None
            Passing Requirements: None
            Info Requirements: None
            Warning Requirements: None
            Failing Requirements: REQ_EP_162

            Name:   OperationDefinition Data Definition Value
            Desc:   An OperationDefinition object in an AAF file shall have a data definition value consistent with the data definition of an OperationGroup object that references it.
            Node:   116 (OperationGroup)
            Result: Failed
            Reason: OperationGroup in Mob slot with ID = 1 of Top-Level Composition "Mono Audio Dissolve not in Transition" has data definition value "DataDef_Sound" and references OperationDefinition "Mono Audio Dissolve" with data definition value "Legacy DataDef_LegacySound".
            Covered Requirements: None
            Noted Requirements: None
            Passing Requirements: None
            Info Requirements: None
            Warning Requirements: None
            Failing Requirements: REQ_EP_162

            Name:   OperationDefinition Data Definition Value
            Desc:   An OperationDefinition object in an AAF file shall have a data definition value consistent with the data definition of an OperationGroup object that references it.
            Node:   122 (OperationGroup)
            Result: Failed
            Reason: OperationGroup in Mob slot with ID = 1 of Top-Level Composition "Two Parameter Mobo Audio Dissolve not in Transition" has data definition value "DataDef_Sound" and references OperationDefinition "Two-Parameter Mono Audio Dissolve" with data definition value "Legacy DataDef_LegacySound".
            Covered Requirements: None
            Noted Requirements: None
            Passing Requirements: None
            Info Requirements: None
            Warning Requirements: None
            Failing Requirements: REQ_EP_162

            Name:   Effect Data Definition Values
            Desc:   The effects defined in the Edit Protocol should be used with the AAF v1.1 data definition values of DataDef_Picture and DataDef_Sound.  The deprecated data definition values of DataDef_LegacyPicture and DataDef_LegacySound should only be used when working with legacy AAF v1.0 files.
            Node:   127 (OperationDefinition)
            Result: Passed, but with warnings.
            Reason: OperationDefinition "Alpha With Video Key effect" has DataDefinition = DataDef_LegacyDataDef_LegacyPicture in an AAF Version 1.1 file.
            Covered Requirements: None
            Noted Requirements: None
            Passing Requirements: None
            Info Requirements: None
            Warning Requirements: REQ_EP_163
            Failing Requirements: None

            Name:   Effect Data Definition Values
            Desc:   The effects defined in the Edit Protocol should be used with the AAF v1.1 data definition values of DataDef_Picture and DataDef_Sound.  The deprecated data definition values of DataDef_LegacyPicture and DataDef_LegacySound should only be used when working with legacy AAF v1.0 files.
            Node:   144 (OperationDefinition)
            Result: Passed, but with warnings.
            Reason: OperationDefinition "Chroma Key" has DataDefinition = DataDef_LegacyDataDef_LegacyPicture in an AAF Version 1.1 file.
            Covered Requirements: None
            Noted Requirements: None
            Passing Requirements: None
            Info Requirements: None
            Warning Requirements: REQ_EP_163
            Failing Requirements: None

            Name:   Effect Data Definition Values
            Desc:   The effects defined in the Edit Protocol should be used with the AAF v1.1 data definition values of DataDef_Picture and DataDef_Sound.  The deprecated data definition values of DataDef_LegacyPicture and DataDef_LegacySound should only be used when working with legacy AAF v1.0 files.
            Node:   125 (OperationDefinition)
            Result: Passed, but with warnings.
            Reason: OperationDefinition "Luminance Key" has DataDefinition = DataDef_LegacyDataDef_LegacyPicture in an AAF Version 1.1 file.
            Covered Requirements: None
            Noted Requirements: None
            Passing Requirements: None
            Info Requirements: None
            Warning Requirements: REQ_EP_163
            Failing Requirements: None

            Name:   Effect Data Definition Values
            Desc:   The effects defined in the Edit Protocol should be used with the AAF v1.1 data definition values of DataDef_Picture and DataDef_Sound.  The deprecated data definition values of DataDef_LegacyPicture and DataDef_LegacySound should only be used when working with legacy AAF v1.0 files.
            Node:   135 (OperationDefinition)
            Result: Passed, but with warnings.
            Reason: OperationDefinition "Mono Audio Dissolve" has DataDefinition = DataDef_LegacyDataDef_LegacySound in an AAF Version 1.1 file.
            Covered Requirements: None
            Noted Requirements: None
            Passing Requirements: None
            Info Requirements: None
            Warning Requirements: REQ_EP_163
            Failing Requirements: None

            Name:   Effect Data Definition Values
            Desc:   The effects defined in the Edit Protocol should be used with the AAF v1.1 data definition values of DataDef_Picture and DataDef_Sound.  The deprecated data definition values of DataDef_LegacyPicture and DataDef_LegacySound should only be used when working with legacy AAF v1.0 files.
            Node:   142 (OperationDefinition)
            Result: Passed, but with warnings.
            Reason: OperationDefinition "Mono Audio Gain" has DataDefinition = DataDef_LegacyDataDef_LegacySound in an AAF Version 1.1 file.
            Covered Requirements: None
            Noted Requirements: None
            Passing Requirements: None
            Info Requirements: None
            Warning Requirements: REQ_EP_163
            Failing Requirements: None

            Name:   Effect Data Definition Values
            Desc:   The effects defined in the Edit Protocol should be used with the AAF v1.1 data definition values of DataDef_Picture and DataDef_Sound.  The deprecated data definition values of DataDef_LegacyPicture and DataDef_LegacySound should only be used when working with legacy AAF v1.0 files.
            Node:   141 (OperationDefinition)
            Result: Passed, but with warnings.
            Reason: OperationDefinition "Mono Audio Pan" has DataDefinition = DataDef_LegacyDataDef_LegacySound in an AAF Version 1.1 file.
            Covered Requirements: None
            Noted Requirements: None
            Passing Requirements: None
            Info Requirements: None
            Warning Requirements: REQ_EP_163
            Failing Requirements: None

            Name:   Effect Data Definition Values
            Desc:   The effects defined in the Edit Protocol should be used with the AAF v1.1 data definition values of DataDef_Picture and DataDef_Sound.  The deprecated data definition values of DataDef_LegacyPicture and DataDef_LegacySound should only be used when working with legacy AAF v1.0 files.
            Node:   136 (OperationDefinition)
            Result: Passed, but with warnings.
            Reason: OperationDefinition "SMPTE Video Wipe" has DataDefinition = DataDef_LegacyDataDef_LegacyPicture in an AAF Version 1.1 file.
            Covered Requirements: None
            Noted Requirements: None
            Passing Requirements: None
            Info Requirements: None
            Warning Requirements: REQ_EP_163
            Failing Requirements: None

            Name:   Effect Data Definition Values
            Desc:   The effects defined in the Edit Protocol should be used with the AAF v1.1 data definition values of DataDef_Picture and DataDef_Sound.  The deprecated data definition values of DataDef_LegacyPicture and DataDef_LegacySound should only be used when working with legacy AAF v1.0 files.
            Node:   128 (OperationDefinition)
            Result: Passed, but with warnings.
            Reason: OperationDefinition "Separate Alpha Key effect" has DataDefinition = DataDef_LegacyDataDef_LegacyPicture in an AAF Version 1.1 file.
            Covered Requirements: None
            Noted Requirements: None
            Passing Requirements: None
            Info Requirements: None
            Warning Requirements: REQ_EP_163
            Failing Requirements: None

            Name:   Effect Data Definition Values
            Desc:   The effects defined in the Edit Protocol should be used with the AAF v1.1 data definition values of DataDef_Picture and DataDef_Sound.  The deprecated data definition values of DataDef_LegacyPicture and DataDef_LegacySound should only be used when working with legacy AAF v1.0 files.
            Node:   139 (OperationDefinition)
            Result: Passed, but with warnings.
            Reason: OperationDefinition "Two-Parameter Mono Audio Dissolve" has DataDefinition = DataDef_LegacyDataDef_LegacySound in an AAF Version 1.1 file.
            Covered Requirements: None
            Noted Requirements: None
            Passing Requirements: None
            Info Requirements: None
            Warning Requirements: REQ_EP_163
            Failing Requirements: None

            Name:   Effect Data Definition Values
            Desc:   The effects defined in the Edit Protocol should be used with the AAF v1.1 data definition values of DataDef_Picture and DataDef_Sound.  The deprecated data definition values of DataDef_LegacyPicture and DataDef_LegacySound should only be used when working with legacy AAF v1.0 files.
            Node:   129 (OperationDefinition)
            Result: Passed, but with warnings.
            Reason: OperationDefinition "Video Corner Pinning" has DataDefinition = DataDef_LegacyDataDef_LegacyPicture in an AAF Version 1.1 file.
            Covered Requirements: None
            Noted Requirements: None
            Passing Requirements: None
            Info Requirements: None
            Warning Requirements: REQ_EP_163
            Failing Requirements: None

            Name:   Effect Data Definition Values
            Desc:   The effects defined in the Edit Protocol should be used with the AAF v1.1 data definition values of DataDef_Picture and DataDef_Sound.  The deprecated data definition values of DataDef_LegacyPicture and DataDef_LegacySound should only be used when working with legacy AAF v1.0 files.
            Node:   137 (OperationDefinition)
            Result: Passed, but with warnings.
            Reason: OperationDefinition "Video Crop" has DataDefinition = DataDef_LegacyDataDef_LegacyPicture in an AAF Version 1.1 file.
            Covered Requirements: None
            Noted Requirements: None
            Passing Requirements: None
            Info Requirements: None
            Warning Requirements: REQ_EP_163
            Failing Requirements: None

            Name:   Effect Data Definition Values
            Desc:   The effects defined in the Edit Protocol should be used with the AAF v1.1 data definition values of DataDef_Picture and DataDef_Sound.  The deprecated data definition values of DataDef_LegacyPicture and DataDef_LegacySound should only be used when working with legacy AAF v1.0 files.
            Node:   134 (OperationDefinition)
            Result: Passed, but with warnings.
            Reason: OperationDefinition "Video Dissolve" has DataDefinition = DataDef_LegacyDataDef_LegacyPicture in an AAF Version 1.1 file.
            Covered Requirements: None
            Noted Requirements: None
            Passing Requirements: None
            Info Requirements: None
            Warning Requirements: REQ_EP_163
            Failing Requirements: None

            Name:   Effect Data Definition Values
            Desc:   The effects defined in the Edit Protocol should be used with the AAF v1.1 data definition values of DataDef_Picture and DataDef_Sound.  The deprecated data definition values of DataDef_LegacyPicture and DataDef_LegacySound should only be used when working with legacy AAF v1.0 files.
            Node:   132 (OperationDefinition)
            Result: Passed, but with warnings.
            Reason: OperationDefinition "Video Flip Flop" has DataDefinition = DataDef_LegacyDataDef_LegacyPicture in an AAF Version 1.1 file.
            Covered Requirements: None
            Noted Requirements: None
            Passing Requirements: None
            Info Requirements: None
            Warning Requirements: REQ_EP_163
            Failing Requirements: None

            Name:   Effect Data Definition Values
            Desc:   The effects defined in the Edit Protocol should be used with the AAF v1.1 data definition values of DataDef_Picture and DataDef_Sound.  The deprecated data definition values of DataDef_LegacyPicture and DataDef_LegacySound should only be used when working with legacy AAF v1.0 files.
            Node:   131 (OperationDefinition)
            Result: Passed, but with warnings.
            Reason: OperationDefinition "Video Flip" has DataDefinition = DataDef_LegacyDataDef_LegacyPicture in an AAF Version 1.1 file.
            Covered Requirements: None
            Noted Requirements: None
            Passing Requirements: None
            Info Requirements: None
            Warning Requirements: REQ_EP_163
            Failing Requirements: None

            Name:   Effect Data Definition Values
            Desc:   The effects defined in the Edit Protocol should be used with the AAF v1.1 data definition values of DataDef_Picture and DataDef_Sound.  The deprecated data definition values of DataDef_LegacyPicture and DataDef_LegacySound should only be used when working with legacy AAF v1.0 files.
            Node:   133 (OperationDefinition)
            Result: Passed, but with warnings.
            Reason: OperationDefinition "Video Flop" has DataDefinition = DataDef_LegacyDataDef_LegacyPicture in an AAF Version 1.1 file.
            Covered Requirements: None
            Noted Requirements: None
            Passing Requirements: None
            Info Requirements: None
            Warning Requirements: REQ_EP_163
            Failing Requirements: None

            Name:   Effect Data Definition Values
            Desc:   The effects defined in the Edit Protocol should be used with the AAF v1.1 data definition values of DataDef_Picture and DataDef_Sound.  The deprecated data definition values of DataDef_LegacyPicture and DataDef_LegacySound should only be used when working with legacy AAF v1.0 files.
            Node:   130 (OperationDefinition)
            Result: Passed, but with warnings.
            Reason: OperationDefinition "Video Position" has DataDefinition = DataDef_LegacyDataDef_LegacyPicture in an AAF Version 1.1 file.
            Covered Requirements: None
            Noted Requirements: None
            Passing Requirements: None
            Info Requirements: None
            Warning Requirements: REQ_EP_163
            Failing Requirements: None

            Name:   Effect Data Definition Values
            Desc:   The effects defined in the Edit Protocol should be used with the AAF v1.1 data definition values of DataDef_Picture and DataDef_Sound.  The deprecated data definition values of DataDef_LegacyPicture and DataDef_LegacySound should only be used when working with legacy AAF v1.0 files.
            Node:   140 (OperationDefinition)
            Result: Passed, but with warnings.
            Reason: OperationDefinition "Video Repeat" has DataDefinition = DataDef_LegacyDataDef_LegacyPicture in an AAF Version 1.1 file.
            Covered Requirements: None
            Noted Requirements: None
            Passing Requirements: None
            Info Requirements: None
            Warning Requirements: REQ_EP_163
            Failing Requirements: None

            Name:   Effect Data Definition Values
            Desc:   The effects defined in the Edit Protocol should be used with the AAF v1.1 data definition values of DataDef_Picture and DataDef_Sound.  The deprecated data definition values of DataDef_LegacyPicture and DataDef_LegacySound should only be used when working with legacy AAF v1.0 files.
            Node:   126 (OperationDefinition)
            Result: Passed, but with warnings.
            Reason: OperationDefinition "Video Rotate" has DataDefinition = DataDef_LegacyDataDef_LegacyPicture in an AAF Version 1.1 file.
            Covered Requirements: None
            Noted Requirements: None
            Passing Requirements: None
            Info Requirements: None
            Warning Requirements: REQ_EP_163
            Failing Requirements: None

            Name:   Effect Data Definition Values
            Desc:   The effects defined in the Edit Protocol should be used with the AAF v1.1 data definition values of DataDef_Picture and DataDef_Sound.  The deprecated data definition values of DataDef_LegacyPicture and DataDef_LegacySound should only be used when working with legacy AAF v1.0 files.
            Node:   143 (OperationDefinition)
            Result: Passed, but with warnings.
            Reason: OperationDefinition "Video Scale" has DataDefinition = DataDef_LegacyDataDef_LegacyPicture in an AAF Version 1.1 file.
            Covered Requirements: None
            Noted Requirements: None
            Passing Requirements: None
            Info Requirements: None
            Warning Requirements: REQ_EP_163
            Failing Requirements: None

            Name:   Effect Data Definition Values
            Desc:   The effects defined in the Edit Protocol should be used with the AAF v1.1 data definition values of DataDef_Picture and DataDef_Sound.  The deprecated data definition values of DataDef_LegacyPicture and DataDef_LegacySound should only be used when working with legacy AAF v1.0 files.
            Node:   138 (OperationDefinition)
            Result: Passed, but with warnings.
            Reason: OperationDefinition "Video Speed Control" has DataDefinition = DataDef_LegacyDataDef_LegacyPicture in an AAF Version 1.1 file.
            Covered Requirements: None
            Noted Requirements: None
            Passing Requirements: None
            Info Requirements: None
            Warning Requirements: REQ_EP_163
            Failing Requirements: None

