        Name:   Edit Protocol Edit Rate Test
        Desc:   Verify that all essence tracks have valid edit rates.
        Result: Failed
        Reason: 
        Covered Requirements: REQ_EP_091; REQ_EP_092; REQ_EP_100
        Noted Requirements: None
        Passing Requirements: None
        Info Requirements: None
        Warning Requirements: None
        Failing Requirements: REQ_EP_099

            Name:   Audio Track Rates
            Desc:   All audio tracks within a file shall have the same edit rate and sample rate.
            Result: Failed
            Reason: All audio tracks within the file do not have the same edit rate.
            Covered Requirements: None
            Noted Requirements: None
            Passing Requirements: None
            Info Requirements: None
            Warning Requirements: None
            Failing Requirements: REQ_EP_099
            Detail: 1 audio track(s) have an edit rate of 600/24.
            Detail: 1 audio track(s) have an edit rate of 1200000/24.

