        Name:   Edit Protocol Edit Rate Test
        Desc:   Verify that all essence tracks have valid edit rates.
        Result: Passed
        Reason: 
        Covered Requirements: REQ_EP_091; REQ_EP_092; REQ_EP_099; REQ_EP_100
        Noted Requirements: None
        Passing Requirements: None
        Info Requirements: None
        Warning Requirements: None
        Failing Requirements: None

